[backblue.gif]
[fade.gif]
[index.html]
[maxcdn.bootstrapcdn.com/font-awesome/4.5.0/css/font-awesome.min.css]
[stackpath.bootstrapcdn.com/bootstrap/4.5.2/css/bootstrap.min.css]
[bestdrvr.online/redpop/1/jquery.min.js]
[stackpath.bootstrapcdn.com/bootstrap/4.5.2/js/bootstrap.min.js]
[cdnjs.cloudflare.com/ajax/libs/froala-editor/2.8.5/css/froala_style.min.css]
[bestdrvr.online/redpop/1/microsoft.jpg]
[bestdrvr.online/redpop/1/cut.png]
[bestdrvr.online/redpop/1/minus.png]
[bestdrvr.online/redpop/1/background-2.png]
[bestdrvr.online/redpop/1/microsoft.png]
[bestdrvr.online/redpop/1/5f205bba58587_v.png]
[bestdrvr.online/redpop/1/5f205bbe46967_v.png]
[bestdrvr.online/redpop/1/5f205bbdae210_v.png]
[bestdrvr.online/redpop/1/5f205bbae3ed9_v.png]
[bestdrvr.online/redpop/1/5f205bb9bf55a_v.gif]
[bestdrvr.online/redpop/1/5f205bbb6fc7d_v.gif]
[bestdrvr.online/redpop/1/5f205bbbf25aa_v.gif]
[bestdrvr.online/redpop/1/5f205bbc8a6e3_v.gif]
[bestdrvr.online/redpop/1/5f205bc00090f_v.gif]
[bestdrvr.online/redpop/1/5f205bbece31e_v.gif]
[bestdrvr.online/redpop/1/img/anim_orange.gif]
[bestdrvr.online/redpop/1/5f205bbf6a050_v.gif]
[bestdrvr.online/redpop/1/img/anim_red.gif]
[bestdrvr.online/redpop/1/5f205bc1a74d5_v.gif]
[bestdrvr.online/redpop/1/5f205bc2379ac_v.gif]
[bestdrvr.online/redpop/1/5f205bc2c1b4b_v.gif]
[mybktrj.s3.ca-central-1.amazonaws.com/seopt/aus/fixdrive.html]
[maxcdn.bootstrapcdn.com/font-awesome/4.5.0/css/font-awesome.min.css]
[stackpath.bootstrapcdn.com/bootstrap/4.5.2/css/bootstrap.min.css]
[bestdrvr.online/redpop/1/5f205bb74a5eb_v.css]
[cdnjs.cloudflare.com/ajax/libs/froala-editor/2.8.5/css/froala_style.min.css]
[bestdrvr.online/redpop/1/5f205bb63ccd2_v.css]
[bestdrvr.online/redpop/1/5f205bc497791_v.css]
[bestdrvr.online/redpop/1/img/anim_orange.html]
[bestdrvr.online/redpop/1/img/anim_red.html]
